 
****************************************
Report : constraint
        -all_violators
Design : ExampleRocketSystem
Version: Q-2019.12-SP3
Date   : Sun Mar  6 13:44:52 2022
****************************************


   max_transition

                             Required        Actual
   Net                      Transition     Transition        Slack
   -----------------------------------------------------------------
   tile/dcacheArb_io_mem_req_bits_phys
                                0.18           0.21          -0.02  (VIOLATED)
       PIN :   tile/ptw/U1406/Y
                                0.18           0.21          -0.02  (VIOLATED)
   sbus/coupler_to_port_named_mmio_port_axi4/axi4yank/Queue/n2
                                0.10           0.12          -0.01  (VIOLATED)
       PIN :   sbus/coupler_to_port_named_mmio_port_axi4/axi4yank/Queue/U3/Y
                                0.10           0.12          -0.01  (VIOLATED)
   sbus/coupler_to_port_named_mmio_port_axi4/axi4yank/Queue_5/n2
                                0.10           0.12          -0.01  (VIOLATED)
       PIN :   sbus/coupler_to_port_named_mmio_port_axi4/axi4yank/Queue_5/U3/Y
                                0.10           0.12          -0.01  (VIOLATED)
   sbus/coupler_to_port_named_mmio_port_axi4/axi4yank/Queue_1/n2
                                0.10           0.12          -0.01  (VIOLATED)
       PIN :   sbus/coupler_to_port_named_mmio_port_axi4/axi4yank/Queue_1/U3/Y
                                0.10           0.12          -0.01  (VIOLATED)
   sbus/coupler_to_port_named_mmio_port_axi4/axi4yank/Queue_4/n2
                                0.10           0.12          -0.01  (VIOLATED)
       PIN :   sbus/coupler_to_port_named_mmio_port_axi4/axi4yank/Queue_4/U3/Y
                                0.10           0.12          -0.01  (VIOLATED)
   sbus/coupler_to_port_named_mmio_port_axi4/axi4yank/Queue_6/n2
                                0.10           0.12          -0.01  (VIOLATED)
       PIN :   sbus/coupler_to_port_named_mmio_port_axi4/axi4yank/Queue_6/U3/Y
                                0.10           0.12          -0.01  (VIOLATED)
   sbus/coupler_to_port_named_mmio_port_axi4/axi4yank/Queue_9/n2
                                0.10           0.12          -0.01  (VIOLATED)
       PIN :   sbus/coupler_to_port_named_mmio_port_axi4/axi4yank/Queue_9/U3/Y
                                0.10           0.12          -0.01  (VIOLATED)
   tile/fpuOpt/sfma/n6          0.09           0.09          -0.01  (VIOLATED)
       PIN :   tile/fpuOpt/sfma/in_in2_reg_9_/Q
                                0.09           0.09          -0.01  (VIOLATED)
   fbus/coupler_from_port_named_slave_port_axi4/axi4frag/Queue_1/n2
                                0.09           0.09          -0.01  (VIOLATED)
       PIN :   fbus/coupler_from_port_named_slave_port_axi4/axi4frag/Queue_1/u_T_1_reg/Q
                                0.09           0.09          -0.01  (VIOLATED)
   tile/dcache/tlb_io_req_bits_size[0]
                                0.09           0.09           0.00  (VIOLATED: increase significant digits)
   tile/fpuOpt/fpiu/in_singleOut
                                0.09           0.09           0.00  (VIOLATED: increase significant digits)
   tile/core/div/resHi          0.09           0.09           0.00  (VIOLATED: increase significant digits)
   tile/fpuOpt/dfma/n50         0.09           0.09           0.00  (VIOLATED: increase significant digits)
   tile/fpuOpt/dfma/n72         0.09           0.09           0.00  (VIOLATED: increase significant digits)
   tile/fpuOpt/ifpu/n34         0.09           0.09           0.00  (VIOLATED: increase significant digits)

   -----------------------------------------------------------------
   Total                      15                 -0.13  

   max_capacitance

                             Required        Actual
   Net                      Capacitance    Capacitance       Slack
   -----------------------------------------------------------------
   tile/dcache/n272            16.00          29.22         -13.22  (VIOLATED)
   fbus/coupler_from_port_named_slave_port_axi4/axi4frag/Queue_1/n11
                               32.00          43.33         -11.33  (VIOLATED)
   debug_1/dmOuter/dmiXbar/n17
                               16.00          26.68         -10.68  (VIOLATED)
   tile/dcacheArb_io_mem_req_bits_phys
                                8.00          18.08         -10.08  (VIOLATED)
   tile/ptw/arb/n6              8.00          11.73          -3.73  (VIOLATED)
   sbus/coupler_to_port_named_mmio_port_axi4/axi4yank/Queue/n2
                                8.00          10.15          -2.15  (VIOLATED)
   sbus/coupler_to_port_named_mmio_port_axi4/axi4yank/Queue_1/n2
                                8.00          10.15          -2.15  (VIOLATED)
   sbus/coupler_to_port_named_mmio_port_axi4/axi4yank/Queue_4/n2
                                8.00          10.15          -2.15  (VIOLATED)
   sbus/coupler_to_port_named_mmio_port_axi4/axi4yank/Queue_5/n2
                                8.00          10.15          -2.15  (VIOLATED)
   sbus/coupler_to_port_named_mmio_port_axi4/axi4yank/Queue_6/n2
                                8.00          10.15          -2.15  (VIOLATED)
   sbus/coupler_to_port_named_mmio_port_axi4/axi4yank/Queue_9/n2
                                8.00          10.15          -2.15  (VIOLATED)
   cbus/wrapped_error_device/error/a/n2
                                8.00           9.69          -1.69  (VIOLATED)

   -----------------------------------------------------------------
   Total                      12                -63.61  

   max_leakage_power

                             Required        Actual
   Design                   Leakage Power  Leakage Power     Slack
   -----------------------------------------------------------------
   ExampleRocketSystem          0.00       77193715712.00 -77193715712.00
                                                                    (VIOLATED)


1
